PRT1
118
181
4 0 8 (2144 0 14320 ) (2048 0 14320 ) (2048 0 14240 ) (2144 0 14240 ) 
4 0 3 (2048 0 14240 ) (2048 0 14320 ) (2048 544 14320 ) (2048 544 14240 ) 
4 0 2 (2144 0 14240 ) (2048 0 14240 ) (2048 16 14240 ) (2144 16 14240 ) 
4 0 1 (2048 16 14240 ) (2048 544 14240 ) (2144 544 14240 ) (2144 16 14240 ) 
4 1 4 (2048 16 14240 ) (2048 544 14240 ) (2048 544 14176 ) (2048 16 14176 ) 
4 1 2 (2144 16 14224 ) (2144 16 14240 ) (2048 16 14240 ) (2048 16 14224 ) 
4 2 9 (2144 0 14240 ) (2048 0 14240 ) (2048 0 14224 ) (2144 0 14224 ) 
4 2 5 (2048 0 14224 ) (2048 0 14240 ) (2048 16 14240 ) (2048 16 14224 ) 
4 3 10 (2048 0 14240 ) (2048 0 14320 ) (1968 0 14320 ) (1968 0 14240 ) 
4 3 5 (2048 0 14240 ) (1968 0 14240 ) (1968 16 14240 ) (2048 16 14240 ) 
4 3 4 (1968 16 14240 ) (1968 544 14240 ) (2048 544 14240 ) (2048 16 14240 ) 
4 4 5 (1968 16 14240 ) (1968 16 14224 ) (2048 16 14224 ) (2048 16 14240 ) 
4 5 20 (2048 0 14224 ) (2048 0 14240 ) (1968 0 14240 ) (1968 0 14224 ) 
4 6 47 (0 0 14848 ) (0 0 16288 ) (0 992 16288 ) (0 992 14848 ) 
4 6 35 (992 0 16288 ) (0 0 16288 ) (0 0 14848 ) (992 0 14848 ) 
4 7 36 (832 0 14752 ) (720 0 14752 ) (720 0 14512 ) (832 0 14512 ) 
4 8 10 (2048 0 14320 ) (2048 0 14240 ) (2048 -128 14240 ) (2048 -128 14320 ) 
4 8 9 (2048 -128 14240 ) (2048 0 14240 ) (2144 0 14240 ) (2144 -128 14240 ) 
4 9 20 (2048 0 14240 ) (2048 0 14224 ) (2048 -128 14224 ) (2048 -128 14240 ) 
4 10 21 (1312 0 14240 ) (1648 0 14240 ) (1648 -208 14240 ) (1312 -208 14240 ) 
4 10 20 (1648 0 14240 ) (2048 0 14240 ) (2048 -208 14240 ) (1648 -208 14240 ) 
4 10 11 (1312 -208 14240 ) (2048 -208 14240 ) (2048 -208 14320 ) (1312 -208 14320 ) 
4 11 23 (1312 -208 14240 ) (1648 -208 14240 ) (1648 -288 14240 ) (1312 -288 14240 ) 
4 11 22 (1648 -208 14240 ) (2048 -208 14240 ) (2048 -288 14240 ) (1648 -288 14240 ) 
4 11 24 (1168 -208 14240 ) (1312 -208 14240 ) (1312 -288 14240 ) (1168 -288 14240 ) 
4 11 14 (1168 -208 14320 ) (1168 -208 14240 ) (1168 -288 14240 ) (1168 -288 14320 ) 
4 12 25 (1648 -400 14240 ) (1312 -400 14240 ) (1312 -320 14240 ) (1648 -320 14240 ) 
4 12 16 (1312 -400 14240 ) (1520 -400 14240 ) (1520 -400 14320 ) (1312 -400 14320 ) 
4 12 15 (1520 -400 14240 ) (1648 -400 14240 ) (1648 -400 14320 ) (1520 -400 14320 ) 
4 12 13 (1312 -320 14320 ) (1312 -320 14240 ) (1312 -400 14240 ) (1312 -400 14320 ) 
4 13 26 (1312 -400 14240 ) (1168 -400 14240 ) (1168 -320 14240 ) (1312 -320 14240 ) 
4 13 19 (1168 -400 14240 ) (1280 -400 14240 ) (1280 -400 14320 ) (1168 -400 14320 ) 
4 13 14 (1168 -320 14240 ) (1168 -400 14240 ) (1168 -400 14320 ) (1168 -320 14320 ) 
4 14 41 (1024 -208 14240 ) (1024 -400 14240 ) (1024 -400 14320 ) (1024 -208 14320 ) 
4 14 27 (1024 -400 14240 ) (1024 -208 14240 ) (1168 -208 14240 ) (1168 -400 14240 ) 
4 15 28 (1520 -528 14240 ) (1520 -400 14240 ) (1648 -400 14240 ) (1648 -528 14240 ) 
4 15 16 (1520 -400 14320 ) (1520 -400 14240 ) (1520 -528 14240 ) (1520 -528 14320 ) 
4 16 29 (1312 -400 14240 ) (1520 -400 14240 ) (1520 -528 14240 ) (1312 -528 14240 ) 
4 17 30 (1520 -672 14240 ) (1520 -768 14240 ) (1312 -768 14240 ) (1312 -672 14240 ) 
4 17 18 (1312 -672 14240 ) (1312 -768 14240 ) (1312 -768 14320 ) (1312 -672 14320 ) 
4 18 31 (1280 -768 14240 ) (1280 -672 14240 ) (1312 -672 14240 ) (1312 -768 14240 ) 
4 18 19 (1280 -672 14240 ) (1280 -768 14240 ) (1280 -768 14320 ) (1280 -672 14320 ) 
4 19 45 (1280 -1024 14320 ) (1168 -1024 14320 ) (1168 -1024 14240 ) (1280 -1024 14240 ) 
4 19 32 (1280 -1024 14240 ) (1168 -1024 14240 ) (1168 -400 14240 ) (1280 -400 14240 ) 
4 20 22 (1648 -208 14224 ) (2048 -208 14224 ) (2048 -208 14240 ) (1648 -208 14240 ) 
4 20 21 (1648 0 14224 ) (1648 -208 14224 ) (1648 -208 14240 ) (1648 0 14240 ) 
4 21 23 (1312 -208 14224 ) (1648 -208 14224 ) (1648 -208 14240 ) (1312 -208 14240 ) 
4 22 23 (1648 -208 14240 ) (1648 -208 14224 ) (1648 -288 14224 ) (1648 -288 14240 ) 
4 23 24 (1312 -208 14240 ) (1312 -208 14224 ) (1312 -288 14224 ) (1312 -288 14240 ) 
4 24 27 (1168 -208 14240 ) (1168 -208 14224 ) (1168 -288 14224 ) (1168 -288 14240 ) 
4 25 29 (1312 -400 14224 ) (1520 -400 14224 ) (1520 -400 14240 ) (1312 -400 14240 ) 
4 25 28 (1520 -400 14224 ) (1648 -400 14224 ) (1648 -400 14240 ) (1520 -400 14240 ) 
4 25 26 (1312 -320 14240 ) (1312 -320 14224 ) (1312 -400 14224 ) (1312 -400 14240 ) 
4 26 32 (1168 -400 14224 ) (1280 -400 14224 ) (1280 -400 14240 ) (1168 -400 14240 ) 
4 26 27 (1168 -320 14224 ) (1168 -400 14224 ) (1168 -400 14240 ) (1168 -320 14240 ) 
4 27 43 (1024 -208 14224 ) (1024 -400 14224 ) (1024 -400 14240 ) (1024 -208 14240 ) 
4 28 29 (1520 -400 14240 ) (1520 -400 14224 ) (1520 -528 14224 ) (1520 -528 14240 ) 
4 30 33 (1504 -768 14224 ) (1360 -768 14224 ) (1360 -720 14224 ) (1504 -720 14224 ) 
4 30 31 (1312 -672 14224 ) (1312 -768 14224 ) (1312 -768 14240 ) (1312 -672 14240 ) 
4 31 32 (1280 -672 14224 ) (1280 -768 14224 ) (1280 -768 14240 ) (1280 -672 14240 ) 
4 32 46 (1280 -1024 14240 ) (1168 -1024 14240 ) (1168 -1024 14224 ) (1280 -1024 14224 ) 
4 33 34 (1504 -768 14216 ) (1360 -768 14216 ) (1360 -720 14216 ) (1504 -720 14216 ) 
4 35 48 (0 0 16288 ) (0 0 14848 ) (0 -144 14848 ) (0 -144 16288 ) 
4 35 37 (992 -144 16288 ) (0 -144 16288 ) (0 -144 14848 ) (992 -144 14848 ) 
4 36 38 (720 -144 14640 ) (720 -144 14512 ) (832 -144 14512 ) (832 -144 14640 ) 
4 37 48 (0 -992 16288 ) (0 -144 16288 ) (0 -144 14848 ) (0 -992 14848 ) 
4 38 39 (720 -160 14640 ) (720 -160 14512 ) (832 -160 14512 ) (832 -160 14640 ) 
4 39 41 (640 -160 14496 ) (1024 -160 14496 ) (1024 -448 14496 ) (640 -448 14496 ) 
4 39 40 (800 -448 14496 ) (960 -448 14496 ) (960 -448 14640 ) (800 -448 14640 ) 
4 41 43 (1024 -160 14240 ) (1024 -448 14240 ) (640 -448 14240 ) (640 -160 14240 ) 
4 41 42 (640 -208 14240 ) (640 -400 14240 ) (640 -400 14480 ) (640 -208 14480 ) 
4 42 60 (0 -208 14480 ) (0 -208 14240 ) (0 -400 14240 ) (0 -400 14480 ) 
4 42 44 (0 -400 14240 ) (0 -208 14240 ) (640 -208 14240 ) (640 -400 14240 ) 
4 43 44 (640 -400 14240 ) (640 -208 14240 ) (640 -208 14224 ) (640 -400 14224 ) 
4 44 63 (0 -400 14224 ) (0 -400 14240 ) (0 -208 14240 ) (0 -208 14224 ) 
4 45 46 (1168 -1024 14240 ) (1280 -1024 14240 ) (1280 -1136 14240 ) (1168 -1136 14240 ) 
4 47 48 (0 0 14848 ) (0 0 16288 ) (-992 0 16288 ) (-992 0 14848 ) 
4 48 51 (-608 -544 14848 ) (-608 -704 14848 ) (-704 -704 14848 ) (-704 -544 14848 ) 
4 48 50 (-416 -416 14848 ) (-416 -704 14848 ) (-608 -704 14848 ) (-608 -416 14848 ) 
4 48 49 (-64 -96 14848 ) (-64 -176 14848 ) (-144 -176 14848 ) (-144 -96 14848 ) 
4 49 52 (-64 -96 14816 ) (-64 -176 14816 ) (-144 -176 14816 ) (-144 -96 14816 ) 
4 50 53 (-416 -416 14816 ) (-416 -704 14816 ) (-608 -704 14816 ) (-608 -416 14816 ) 
4 50 51 (-608 -544 14816 ) (-608 -704 14816 ) (-608 -704 14848 ) (-608 -544 14848 ) 
4 51 55 (-608 -544 14816 ) (-608 -704 14816 ) (-704 -704 14816 ) (-704 -544 14816 ) 
4 52 57 (-64 -96 14688 ) (-64 -176 14688 ) (-144 -176 14688 ) (-144 -96 14688 ) 
4 53 55 (-608 -544 14688 ) (-608 -704 14688 ) (-608 -704 14816 ) (-608 -544 14816 ) 
4 53 54 (-576 -704 14688 ) (-416 -704 14688 ) (-416 -704 14816 ) (-576 -704 14816 ) 
4 55 56 (-704 -544 14816 ) (-704 -544 14688 ) (-704 -704 14688 ) (-704 -704 14816 ) 
4 57 61 (-64 -96 14240 ) (-64 -176 14240 ) (-144 -176 14240 ) (-144 -96 14240 ) 
4 57 58 (-144 -176 14384 ) (-144 -176 14240 ) (-64 -176 14240 ) (-64 -176 14384 ) 
4 58 61 (-64 -176 14240 ) (-64 -192 14240 ) (-144 -192 14240 ) (-144 -176 14240 ) 
4 58 59 (-144 -192 14240 ) (-76.828903 -192 14240 ) (-76.828903 -192 14384 ) (-144 -192 14384 ) 
4 59 62 (-144 -192 14240 ) (-76.828903 -192 14240 ) (-76.828903 -208 14240 ) (-144 -208 14240 ) 
4 59 60 (-144 -208 14240 ) (-76.828903 -208 14240 ) (-76.828903 -208 14384 ) (-144 -208 14384 ) 
4 60 64 (-1024 -208 14240 ) (-1024 -400 14240 ) (-1024 -400 14480 ) (-1024 -208 14480 ) 
4 60 63 (-1024 -400 14240 ) (-1024 -208 14240 ) (0 -208 14240 ) (0 -400 14240 ) 
4 61 62 (-76.828903 -192 14240 ) (-144 -192 14240 ) (-144 -192 14224 ) (-76.828903 -192 14224 ) 
4 62 63 (-76.828903 -208 14224 ) (-76.828903 -208 14240 ) (-144 -208 14240 ) (-144 -208 14224 ) 
4 63 65 (-1024 -400 14224 ) (-1024 -400 14240 ) (-1024 -208 14240 ) (-1024 -208 14224 ) 
4 64 66 (-2048 -208 14240 ) (-2048 -400 14240 ) (-2048 -400 14480 ) (-2048 -208 14480 ) 
4 64 65 (-1024 -208 14240 ) (-1024 -400 14240 ) (-2048 -400 14240 ) (-2048 -208 14240 ) 
4 65 67 (-2048 -400 14224 ) (-2048 -400 14240 ) (-2048 -208 14240 ) (-2048 -208 14224 ) 
4 66 70 (-3072 -208 14240 ) (-3072 -400 14240 ) (-3072 -400 14480 ) (-3072 -208 14480 ) 
4 66 69 (-3072 -400 14240 ) (-3072 -208 14240 ) (-2912 -208 14240 ) (-2912 -400 14240 ) 
4 66 68 (-2912 -208 14240 ) (-2720 -208 14240 ) (-2720 -400 14240 ) (-2912 -400 14240 ) 
4 66 67 (-2720 -208 14240 ) (-2048 -208 14240 ) (-2048 -400 14240 ) (-2720 -400 14240 ) 
4 67 68 (-2720 -208 14240 ) (-2720 -208 14224 ) (-2720 -400 14224 ) (-2720 -400 14240 ) 
4 68 69 (-2912 -400 14240 ) (-2912 -208 14240 ) (-2912 -208 14224 ) (-2912 -400 14224 ) 
4 69 72 (-3072 -400 14064 ) (-3072 -400 14096 ) (-3072 -208 14096 ) (-3072 -208 14064 ) 
4 69 70 (-3072 -400 14096 ) (-3072 -400 14240 ) (-3072 -208 14240 ) (-3072 -208 14096 ) 
4 70 72 (-3552 -400 14096 ) (-3552 -208 14096 ) (-3072 -208 14096 ) (-3072 -400 14096 ) 
4 70 71 (-3552 -208 14096 ) (-3552 -400 14096 ) (-3552 -400 14336 ) (-3552 -208 14336 ) 
4 71 73 (-4096 -400 14336 ) (-4096 -208 14336 ) (-4096 -208 14096 ) (-4096 -400 14096 ) 
4 71 72 (-4096 -400 14096 ) (-4096 -208 14096 ) (-3552 -208 14096 ) (-3552 -400 14096 ) 
4 72 74 (-4096 -400 14096 ) (-4096 -208 14096 ) (-4096 -208 14064 ) (-4096 -400 14064 ) 
4 73 75 (-5120 -400 14336 ) (-5120 -208 14336 ) (-5120 -208 14096 ) (-5120 -400 14096 ) 
4 73 74 (-5120 -400 14096 ) (-5120 -208 14096 ) (-4096 -208 14096 ) (-4096 -400 14096 ) 
4 74 77 (-5120 -400 14096 ) (-5120 -208 14096 ) (-5120 -208 14064 ) (-5120 -400 14064 ) 
4 75 80 (-6144 -400 14336 ) (-6144 -340.885468 14336 ) (-6144 -340.885468 14096 ) (-6144 -400 14096 ) 
4 75 78 (-6144 -400 14096 ) (-6144 -340.885468 14096 ) (-5632 -208 14096 ) (-5632 -400 14096 ) 
4 75 77 (-5632 -208 14096 ) (-5120 -208 14096 ) (-5120 -400 14096 ) (-5632 -400 14096 ) 
4 75 76 (-6144 -400 14096 ) (-5632 -400 14096 ) (-5632 -400 14336 ) (-6144 -400 14336 ) 
4 76 80 (-6144 -532.885498 14336 ) (-6144 -400 14336 ) (-6144 -400 14096 ) (-6144 -532.885498 14096 ) 
3 76 79 (-6144 -532.885498 14096 ) (-6144 -400 14096 ) (-5632 -400 14096 ) 
4 77 78 (-5632 -208 14096 ) (-5632 -208 14064 ) (-5632 -400 14064 ) (-5632 -400 14096 ) 
4 78 81 (-6144 -400 14096 ) (-6144 -340.885468 14096 ) (-6144 -340.885468 14064 ) (-6144 -400 14064 ) 
4 78 79 (-6144 -400 14064 ) (-5632 -400 14064 ) (-5632 -400 14096 ) (-6144 -400 14096 ) 
4 79 81 (-6144 -532.885498 14096 ) (-6144 -400 14096 ) (-6144 -400 14064 ) (-6144 -532.885498 14064 ) 
4 80 82 (-7168 -798.656494 14336 ) (-7168 -606.656494 14336 ) (-7168 -606.656433 14096 ) (-7168 -798.656494 14096 ) 
4 80 81 (-6144 -340.885468 14096 ) (-6144 -532.885498 14096 ) (-7168 -798.656494 14096 ) (-7168 -606.656494 14096 ) 
4 81 85 (-7168 -798.656494 14096 ) (-7168 -606.656494 14096 ) (-7168 -606.656433 14064 ) (-7168 -798.656494 14064 ) 
4 82 85 (-7728 -944 14096 ) (-7728 -752 14096 ) (-7168 -606.656433 14096 ) (-7168 -798.656494 14096 ) 
4 82 84 (-7728 -752 14096 ) (-7728 -944 14096 ) (-7728 -944 14336 ) (-7728 -752 14336 ) 
4 83 86 (-8080 -432 14096 ) (-7856 -432 14096 ) (-7856 -688 14096 ) (-8080 -688 14096 ) 
4 83 84 (-8080 -688 14096 ) (-7856 -688 14096 ) (-7856 -688 14192 ) (-8080 -688 14192 ) 
4 84 88 (-8192 -784 14096 ) (-8192 -912 14096 ) (-8192 -912 14192 ) (-8192 -784 14192 ) 
4 84 87 (-8192 -1008 14096 ) (-8192 -688 14096 ) (-7728 -688 14096 ) (-7728 -1008 14096 ) 
4 85 87 (-7728 -944 14096 ) (-7728 -752 14096 ) (-7728 -752 14064 ) (-7728 -944 14064 ) 
4 86 87 (-7856 -688 14064 ) (-7856 -688 14096 ) (-8080 -688 14096 ) (-8080 -688 14064 ) 
4 87 89 (-8192 -912 14096 ) (-8192 -784 14096 ) (-8192 -784 14064 ) (-8192 -912 14064 ) 
4 88 90 (-9216 -784 14096 ) (-9216 -912 14096 ) (-9216 -912 14192 ) (-9216 -784 14192 ) 
4 88 89 (-9216 -912 14096 ) (-9216 -784 14096 ) (-8192 -784 14096 ) (-8192 -912 14096 ) 
4 89 91 (-9216 -912 14064 ) (-9216 -912 14096 ) (-9216 -784 14096 ) (-9216 -784 14064 ) 
4 90 112 (-10240 -928 14208 ) (-10240 -768 14208 ) (-10240 -768 14096 ) (-10240 -928 14096 ) 
4 90 91 (-10240 -928 14096 ) (-10240 -768 14096 ) (-9216 -768 14096 ) (-9216 -928 14096 ) 
4 91 113 (-10240 -928 14096 ) (-10240 -768 14096 ) (-10240 -768 14048 ) (-10240 -928 14048 ) 
4 92 93 (-11584 1264 14336 ) (-11392 1264 14336 ) (-11392 1056 14336 ) (-11584 1056 14336 ) 
4 93 98 (-11408 1024 14312 ) (-11568 1024 14312 ) (-11568 1024 14152 ) (-11408 1024 14152 ) 
4 93 94 (-11360 1024 13904 ) (-11616 1024 13904 ) (-11616 1296 13904 ) (-11360 1296 13904 ) 
4 94 96 (-11360 1024 13752 ) (-11616 1024 13752 ) (-11616 1296 13752 ) (-11360 1296 13752 ) 
4 94 95 (-11616 1240 13752 ) (-11616 1080 13752 ) (-11616 1080 13904 ) (-11616 1240 13904 ) 
4 95 101 (-12288 1080 13904 ) (-12288 1240 13904 ) (-12288 1240 13752 ) (-12288 1080 13752 ) 
4 95 97 (-12288 1080 13752 ) (-12288 1240 13752 ) (-11616 1240 13752 ) (-11616 1080 13752 ) 
4 96 97 (-11616 1240 13744 ) (-11616 1080 13744 ) (-11616 1080 13752 ) (-11616 1240 13752 ) 
4 97 101 (-12288 1080 13752 ) (-12288 1240 13752 ) (-12288 1240 13744 ) (-12288 1080 13744 ) 
4 98 99 (-11408 784 14312 ) (-11568 784 14312 ) (-11568 784 14152 ) (-11408 784 14152 ) 
4 99 114 (-11568 0 14208 ) (-11568 0 14096 ) (-11408 0 14096 ) (-11408 0 14208 ) 
4 99 100 (-11408 0 14096 ) (-11568 0 14096 ) (-11568 784 14096 ) (-11408 784 14096 ) 
4 100 116 (-11408 0 14096 ) (-11568 0 14096 ) (-11568 0 14048 ) (-11408 0 14048 ) 
4 101 102 (-13296 1240 13472 ) (-13296 1240 13312 ) (-13296 1080 13312 ) (-13296 1080 13472 ) 
4 102 109 (-13312 1240 13472 ) (-13312 1240 13312 ) (-13312 1080 13312 ) (-13312 1080 13472 ) 
4 103 111 (-13872 1888 13138 ) (-13872 1456 13138 ) (-14112 1456 13138 ) (-14112 1888 13138 ) 
4 103 108 (-13888 1456 13312 ) (-13888 1456 13472 ) (-14048 1456 13472 ) (-14048 1456 13312 ) 
4 103 107 (-14112 1520 13138 ) (-14112 1456 13138 ) (-14112 1456 13568 ) (-14112 1520 13568 ) 
4 103 106 (-14112 1584 13138 ) (-14112 1520 13138 ) (-14112 1520 13568 ) (-14112 1584 13568 ) 
4 103 104 (-14112 1888 13138 ) (-14112 1584 13138 ) (-14112 1584 13568 ) (-14112 1888 13568 ) 
4 104 111 (-14112 1888 13138 ) (-14112 1584 13138 ) (-14176 1584 13138 ) (-14176 1888 13138 ) 
4 104 106 (-14112 1584 13138 ) (-14112 1584 13568 ) (-14176 1584 13568 ) (-14176 1584 13138 ) 
4 105 106 (-14112 1520 13568 ) (-14176 1520 13568 ) (-14176 1584 13568 ) (-14112 1584 13568 ) 
4 106 111 (-14112 1584 13138 ) (-14112 1520 13138 ) (-14176 1520 13138 ) (-14176 1584 13138 ) 
4 106 107 (-14112 1520 13138 ) (-14112 1520 13568 ) (-14176 1520 13568 ) (-14176 1520 13138 ) 
4 107 111 (-14112 1520 13138 ) (-14112 1456 13138 ) (-14176 1456 13138 ) (-14176 1520 13138 ) 
4 108 110 (-13888 1384 13312 ) (-13888 1384 13472 ) (-14048 1384 13472 ) (-14048 1384 13312 ) 
4 109 110 (-13744 1080 13312 ) (-13744 1080 13472 ) (-13744 1240 13472 ) (-13744 1240 13312 ) 
4 112 115 (-11264 -768 14096 ) (-11264 -928 14096 ) (-11264 -928 14208 ) (-11264 -768 14208 ) 
4 112 113 (-11264 -928 14096 ) (-11264 -768 14096 ) (-10240 -768 14096 ) (-10240 -928 14096 ) 
4 113 117 (-11264 -768 14048 ) (-11264 -928 14048 ) (-11264 -928 14096 ) (-11264 -768 14096 ) 
4 114 116 (-11568 0 14096 ) (-11408 0 14096 ) (-11408 -624 14096 ) (-11568 -624 14096 ) 
4 114 115 (-11568 -624 14208 ) (-11568 -624 14096 ) (-11408 -624 14096 ) (-11408 -624 14208 ) 
4 115 117 (-11264 -624 14096 ) (-11264 -928 14096 ) (-11568 -928 14096 ) (-11568 -624 14096 ) 
4 116 117 (-11568 -624 14096 ) (-11568 -624 14048 ) (-11408 -624 14048 ) (-11408 -624 14096 ) 
